// Jest Snapshot v1, https://goo.gl/fbAQLP

exports[`Pruebas en el componente: AppRouter Debe de mostrarse el login si el usuario no se encuentra autenticado. 1`] = `
<div>
  <div
    className="container mt-5"
  >
    <h1>
      Login
    </h1>
     
    <hr />
    <button
      className="btn btn-primary"
      onClick={[Function]}
      style={
        Object {
          "borderRadius": 18,
        }
      }
    >
      Iniciar sesi√≥n
    </button>
  </div>
</div>
`;
