// Jest Snapshot v1, https://goo.gl/fbAQLP

exports[`Pruebas en el componente: HookApp Debe de renderizarse correctamente. 1`] = `
<div>
  <h1>
    Hola, mundo!
  </h1>
</div>
`;
