// Jest Snapshot v1, https://goo.gl/fbAQLP

exports[`Pruebas en el componente TodoAdd Debe de renderizarse de manera correcta. 1`] = `
<Fragment>
  <h4>
    Agregar TODO
  </h4>
   
  <hr />
  <form
    className="d-grid gap-2"
    onSubmit={[Function]}
  >
    <input
      autoComplete="off"
      className="form-control"
      name="description"
      onChange={[Function]}
      placeholder="Aprender..."
      type="text"
      value=""
    />
    <button
      className="btn btn-outline-primary mt-1"
    >
      Agregar
    </button>
  </form>
</Fragment>
`;
