// Jest Snapshot v1, https://goo.gl/fbAQLP

exports[`Pruebas en el componente: LoginScreen Debe de renderizarse correctamente. 1`] = `
<div
  className="container mt-5"
>
  <h1>
    Login
  </h1>
   
  <hr />
  <button
    className="btn btn-primary"
    onClick={[Function]}
    style={
      Object {
        "borderRadius": 18,
      }
    }
  >
    Iniciar sesi√≥n
  </button>
</div>
`;
