// Jest Snapshot v1, https://goo.gl/fbAQLP

exports[`Pruebas en el componente: LoginScreen Debe de renderizarse correctamente. 1`] = `
<div>
  <h1>
    LoginScreen: PÃ¡gina de login
  </h1>
   
  <hr />
  <button
    className="btn btn-primary"
    onClick={[Function]}
  >
    Login
  </button>
</div>
`;
