// Jest Snapshot v1, https://goo.gl/fbAQLP

exports[`Pruebas en el componente: <GifGrid /> Debe de renderizarse y mostrarse correctamente. 1`] = `
<Fragment>
  <h3
    className="animate__animated animate__fadeIn"
  >
    Nekane
  </h3>
  <p>
    Loading ...
  </p>
  <div
    className="card-grid"
  />
</Fragment>
`;
